// Jest Snapshot v1, https://goo.gl/fbAQLP

exports[`App компонент рендерится корректно 1`] = `
<React.Fragment>
  <MainPage
    offers={
      Array [
        Object {
          "coordinates": Array [
            52.3909553943508,
            4.85309666406198,
          ],
          "id": 1,
          "photos": Array [
            Object {
              "src": "img/apartment-01.jpg",
            },
            Object {
              "src": "img/amsterdam.jpg",
            },
          ],
          "price": 650,
          "title": "Cozy house amsterdam",
          "type": "House",
        },
        Object {
          "coordinates": Array [
            52.369553943508,
            4.85309666406198,
          ],
          "id": 2,
          "photos": Array [
            Object {
              "src": "img/apartment-02.jpg",
            },
            Object {
              "src": "img/amsterdam.jpg",
            },
          ],
          "price": 45,
          "title": "Cosy room in spacious apartment",
          "type": "Room",
        },
        Object {
          "coordinates": Array [
            52.3909553943508,
            4.929309666406198,
          ],
          "id": 3,
          "photos": Array [
            Object {
              "src": "img/room.jpg",
            },
            Object {
              "src": "img/amsterdam.jpg",
            },
          ],
          "price": 128,
          "title": "Elegant private room in stylish house",
          "type": "Room",
        },
        Object {
          "coordinates": Array [
            52.3809553943508,
            4.939309666406198,
          ],
          "id": 4,
          "photos": Array [
            Object {
              "src": "img/apartment-03.jpg",
            },
            Object {
              "src": "img/amsterdam.jpg",
            },
          ],
          "price": 1520,
          "title": "Huge Tinyhouse in the green, between sea and city",
          "type": "House",
        },
      ]
    }
  />
</React.Fragment>
`;
