// Jest Snapshot v1, https://goo.gl/fbAQLP

exports[`Property компонент рендерится корректно 1`] = `
<section
  className="property"
>
  <div
    className="property__gallery-container container"
  >
    <div
      className="property__gallery"
    >
      <div
        className="property__image-wrapper"
      >
        <img
          alt="Photo studio"
          className="property__image"
          src="img/room.jpg"
        />
      </div>
      <div
        className="property__image-wrapper"
      >
        <img
          alt="Photo studio"
          className="property__image"
          src="img/apartment-01.jpg"
        />
      </div>
      <div
        className="property__image-wrapper"
      >
        <img
          alt="Photo studio"
          className="property__image"
          src="img/apartment-02.jpg"
        />
      </div>
    </div>
  </div>
  <div
    className="property__container container"
  >
    <div
      className="property__wrapper"
    >
      <div
        className="property__mark"
      >
        <span>
          Premium
        </span>
      </div>
      <div
        className="property__name-wrapper"
      >
        <h1
          className="property__name"
        >
          Some title
        </h1>
        <button
          className="property__bookmark-button button"
          type="button"
        >
          <span
            className="visually-hidden"
          >
            To bookmarks
          </span>
        </button>
      </div>
    </div>
  </div>
  <div
    className="property__price"
  >
    <b
      className="property__price-value"
    >
      €
      88
    </b>
    <span
      className="property__price-text"
    >
       night
    </span>
  </div>
</section>
`;
