// Jest Snapshot v1, https://goo.gl/fbAQLP

exports[`MainPage компонент рендерится корректно 1`] = `
<div
  className="page page--gray page--main"
>
  <Header />
  <main
    className="page__main page__main--index"
  >
    <Menu
      cities={
        Array [
          Object {
            "coordinates": Array [
              52.38333,
              4.9,
            ],
            "title": "Amsterdam",
          },
          Object {
            "coordinates": Array [
              52.52,
              13.405,
            ],
            "title": "Berlin",
          },
          Object {
            "coordinates": Array [
              40.7128,
              -74.006,
            ],
            "title": "New York",
          },
        ]
      }
      onCityClick={[MockFunction]}
    />
    <NoProperties
      coordinates={
        Array [
          52.38333,
          4.9,
        ]
      }
      title="Amsterdam"
    />
  </main>
</div>
`;
