// Jest Snapshot v1, https://goo.gl/fbAQLP

exports[`MainPage компонент рендерится корректно 1`] = `
<div
  className="page page--gray page--main"
>
  <Header />
  <main
    className="page__main page__main--index"
  >
    <Menu />
    <div
      className="cities"
    >
      <div
        className="cities__places-container container"
      >
        <section
          className="cities__places places"
        >
          <h2
            className="visually-hidden"
          >
            Places
          </h2>
          <b
            className="places__found"
          >
            312 places to stay in Amsterdam
          </b>
          <Sorting />
          <Properties
            items={
              Array [
                Object {
                  "coordinates": Array [
                    52.3909553943508,
                    4.85309666406198,
                  ],
                  "description": "In onze eigen achtertuin hebben we de oude sauna omgebouwd tot gastenverblijf met eigen badkamer en toilet. Er is geen kook mogelijkheid, maar wel een koelkast en wastafel. Wij wonen in een rustige buurt welke goed bereikbaar is met het openbaar vervoer en/of eigen vervoer. Grote steden als haarlem, amsterdam en alkmaar zijn vlakbij. Het strand is ca. 10 minuten met de auto. Houd u van rust en wilt u toch dichtbij de grote steden zijn dan is dit de ideale plek om te verblijven!",
                  "host": "Maria",
                  "id": 1,
                  "photos": Array [
                    Object {
                      "src": "img/apartment-01.jpg",
                    },
                    Object {
                      "src": "img/amsterdam.jpg",
                    },
                  ],
                  "price": 650,
                  "title": "Cozy house amsterdam",
                  "type": "House",
                },
                Object {
                  "coordinates": Array [
                    52.369553943508,
                    4.85309666406198,
                  ],
                  "description": "Sparkling clean, comfy and private room close to the city center. The place is super sweet with coffee & tea available.",
                  "host": "Giovanni",
                  "id": 2,
                  "photos": Array [
                    Object {
                      "src": "img/apartment-02.jpg",
                    },
                    Object {
                      "src": "img/room-2.jpg",
                    },
                    Object {
                      "src": "img/amsterdam.jpg",
                    },
                  ],
                  "price": 45,
                  "title": "Cosy room in spacious apartment",
                  "type": "Room",
                },
                Object {
                  "coordinates": Array [
                    52.3909553943508,
                    4.929309666406198,
                  ],
                  "description": "From this penthouse room guests have a breathtaking view of the city. When you wake up Amsterdam is happening all around you. We guarantee you maximum sleeping comfort with our quality Tempur mattresses.",
                  "host": "Tio Leo",
                  "id": 3,
                  "photos": Array [
                    Object {
                      "src": "img/room.jpg",
                    },
                    Object {
                      "src": "img/amsterdam.jpg",
                    },
                  ],
                  "price": 128,
                  "title": "Elegant private room in stylish house",
                  "type": "Room",
                },
                Object {
                  "coordinates": Array [
                    52.3809553943508,
                    4.939309666406198,
                  ],
                  "description": "This compact guesthouse/design studio is very suitable for both working and relaxing. Plenty of working space, kitchenette with microwave and fridge, a cosy fire place (gas) and upstairs a large lounge bed. The 'in between' sized lounge bed (120 cm wide) is very comfortable for one person, but it could also sleep a couple. The stairs in this guesthouse studio are pretty steep, but safe. Comfortable floor heating downstairs.",
                  "host": "Rebekka",
                  "id": 4,
                  "photos": Array [
                    Object {
                      "src": "img/apartment-03.jpg",
                    },
                    Object {
                      "src": "img/amsterdam.jpg",
                    },
                  ],
                  "price": 1520,
                  "title": "Huge Tinyhouse in the green, between sea and city",
                  "type": "House",
                },
              ]
            }
          />
        </section>
        <div
          className="cities__right-section"
        >
          <section
            className="cities__map map"
          >
            <Map
              coordinatesArray={
                Array [
                  Array [
                    52.3909553943508,
                    4.85309666406198,
                  ],
                  Array [
                    52.369553943508,
                    4.85309666406198,
                  ],
                  Array [
                    52.3909553943508,
                    4.929309666406198,
                  ],
                  Array [
                    52.3809553943508,
                    4.939309666406198,
                  ],
                ]
              }
            />
          </section>
        </div>
      </div>
    </div>
  </main>
</div>
`;
